[billsakshi.com/index.html]
[backblue.gif]
[fade.gif]
[index.html]
[billsakshi.com/wp-includes/css/dist/block-library/style.minef10.css]
[billsakshi.com/comments/feed/index.html]
[billsakshi.com/feed/index.html]
[billsakshi.com/wp-content/themes/kadence/assets/css/global.min9030.css]
[billsakshi.com/wp-content/themes/kadence/assets/css/header.min9030.css]
[billsakshi.com/wp-content/themes/kadence/assets/css/content.min9030.css]
[billsakshi.com/wp-content/themes/kadence/assets/css/footer.min9030.css]
[billsakshi.com/wp-content/plugins/kadence-blocks/dist/style-blocks-rowlayoutd6e2.css]
[billsakshi.com/wp-content/plugins/kadence-blocks/dist/style-blocks-columnd6e2.css]
[billsakshi.com/wp-content/plugins/kadence-blocks/dist/style-blocks-iconlistd6e2.css]
[billsakshi.com/wp-content/plugins/kadence-blocks/dist/style-blocks-advancedbtnd6e2.css]
[billsakshi.com/wp-content/plugins/kadence-blocks/dist/style-blocks-infoboxd6e2.css]
[billsakshi.com/wp-content/plugins/kadence-blocks/dist/style-blocks-icond6e2.css]
[billsakshi.com/wp-content/uploads/2021/04/bg-0.png]
[billsakshi.com/wp-content/uploads/2021/04/map.png]
[billsakshi.com/wp-json/wp/v2/pages/1204.json]
[billsakshi.com/wp-json/index.html]
[billsakshi.com/xmlrpc0db0.php]
[billsakshi.com/wp-json/oembed/1.0/embedec3d.json]
[billsakshi.com/wp-json/oembed/1.0/embedcc1e]
[billsakshi.com/wp-content/uploads/2024/05/cropped-cropped-png-Bill-sakshi-1-1-32x32.png]
[billsakshi.com/wp-content/uploads/2024/05/cropped-cropped-png-Bill-sakshi-1-1-192x192.png]
[billsakshi.com/wp-content/uploads/2024/05/cropped-cropped-png-Bill-sakshi-1-1-180x180.png]
[billsakshi.com/wp-content/uploads/2024/05/cropped-png-Bill-sakshi-1.png]
[billsakshi.com/wp-content/uploads/2021/10/total-sale.png]
[billsakshi.com/pricing/index.html]
[billsakshi.com/blog/index.html]
[billsakshi.com/support-faq/index.html]
[billsakshi.com/contact/index.html]
[billsakshi.com/services/index.html]
[billsakshi.com/wp-content/uploads/2021/04/2.png]
[billsakshi.com/wp-content/uploads/2021/04/27.png]
[billsakshi.com/wp-content/uploads/2021/04/24.png]
[billsakshi.com/wp-content/uploads/2021/10/aquisition-transaction.png]
[billsakshi.com/wp-content/uploads/2024/05/WhatsApp-Image-2024-05-15-at-5.16.44-PM.jpg]
[billsakshi.com/wp-content/uploads/2021/04/10-2-150x150.png]
[billsakshi.com/wp-content/uploads/2021/04/10-4.png]
[billsakshi.com/wp-content/uploads/2021/04/10-1.png]
[billsakshi.com/wp-content/uploads/2024/05/invoice-image.png]
[billsakshi.com/wp-content/uploads/2021/04/payments.png]
[billsakshi.com/wp-content/themes/kadence/assets/js/navigation.min9030.js]
[img1.wsimg.com/signals/js/clients/scc-c2/scc-c2.min.js]
[billsakshi.com/index.html]
[fonts.googleapis.com/css9718.css]
[billsakshi.com/wp-content/plugins/kadence-blocks/includes/assets/css/kadence-splide.mind6e2.css]
[billsakshi.com/wp-content/plugins/kadence-blocks/includes/assets/css/kb-blocks-splide.mind6e2.css]
[billsakshi.com/wp-content/plugins/kadence-blocks/dist/style-blocks-spacerd6e2.css]
[billsakshi.com/wp-content/plugins/kadence-blocks/dist/style-blocks-advancedgalleryd6e2.css]
[billsakshi.com/wp-json/wp/v2/pages/536.json]
[billsakshi.com/wp-json/oembed/1.0/embede0c9.json]
[billsakshi.com/wp-json/oembed/1.0/embedc240]
[billsakshi.com/wp-content/uploads/2021/04/logo-21.png]
[billsakshi.com/wp-content/uploads/2021/04/logo-23.png]
[billsakshi.com/wp-content/uploads/2021/04/logo-10.png]
[billsakshi.com/wp-content/uploads/2021/04/logo-11.png]
[billsakshi.com/wp-content/uploads/2021/04/logo-9.png]
[billsakshi.com/wp-content/uploads/2021/04/logo-6.png]
[billsakshi.com/wp-content/uploads/2021/04/logo-7.png]
[billsakshi.com/wp-content/uploads/2021/04/logo-5.png]
[billsakshi.com/wp-content/themes/kadence/assets/js/splide.min9030.js]
[billsakshi.com/wp-content/plugins/kadence-blocks/includes/assets/js/kb-splide-init.mind6e2.js]
[billsakshi.com/pricing/index.html]
[billsakshi.com/wp-content/uploads/2021/04/joshua-coleman-KzPefInJW58-unsplash-1024x682-1-768x512.jpg]
[billsakshi.com/category/uncategorized/index.html]
[billsakshi.com/wp-content/uploads/2021/04/davisuko-rhUU1pemhQ0-unsplash-1024x682-1-768x512.jpg]
[billsakshi.com/uncategorized/hello-world/index.html]
[billsakshi.com/saas/why-startups-fail-11-mistakes-founders-keep-making/index.html]
[billsakshi.com/business/the-8-step-process-we-used-to-start-a-successful-podcast/index.html]
[billsakshi.com/category/saas/index.html]
[billsakshi.com/wp-content/uploads/2021/04/pexels-ds-stories-5040794-1024x683-1-768x512.jpg]
[billsakshi.com/wp-content/uploads/2021/04/denys-nevozhai-w7YCquMkv2c-unsplash-1024x683-1-768x512.jpg]
[billsakshi.com/category/business/index.html]
[billsakshi.com/business/be-remarkable-how-to-make-your-business-stand-out/index.html]
[billsakshi.com/wp-content/uploads/2021/04/jakub-dziubak-XtUd5SiX464-unsplash-1024x684-1-768x513.jpg]
[billsakshi.com/design/what-effect-will-ai-have-on-construction/index.html]
[billsakshi.com/wp-content/uploads/2021/04/willian-justen-de-vasconcellos-CKLF34baCTQ-unsplash-1024x683-1-768x512.jpg]
[billsakshi.com/business/20-business-blogs-that-will-blow-your-mind/index.html]
[billsakshi.com/category/design/index.html]
[billsakshi.com/category/marketing/index.html]
[billsakshi.com/design/the-best-saas-tools-to-boost-business-growth/index.html]
[billsakshi.com/wp-content/uploads/2021/04/kyle-glenn-QM1yQOO4uQQ-unsplash-1024x703-1-768x527.jpg]
[billsakshi.com/wp-content/uploads/2021/04/david-villasana-1vFLiUsIS6E-unsplash-1024x683-1-768x512.jpg]
[billsakshi.com/freelance/want-to-grow-your-business-you-need-a-growth-strategy/index.html]
[billsakshi.com/wp-content/uploads/2021/04/tom-barrett-hIzjVUqhiBQ-unsplash-1024x682-1-768x512.jpg]
[billsakshi.com/category/freelance/index.html]
[billsakshi.com/design/tools-and-tips-to-successfully-organize-your-small-business/index.html]
[billsakshi.com/blog/index.html]
[billsakshi.com/wp-content/plugins/kadence-blocks/dist/style-blocks-testimonialsd6e2.css]
[billsakshi.com/blog/page/2/index.html]
[billsakshi.com/marketing/writing-a-business-case-what-it-is-and-how-to-write/index.html]
[billsakshi.com/wp-json/wp/v2/pages/873.json]
[billsakshi.com/wp-json/oembed/1.0/embeddc25.json]
[billsakshi.com/wp-json/oembed/1.0/embed2f7e]
[billsakshi.com/wp-content/uploads/2021/04/03-150x150.jpg]
[billsakshi.com/wp-content/uploads/2021/04/10-5-150x150.png]
[billsakshi.com/wp-content/uploads/2021/04/01-150x150.jpg]
[billsakshi.com/services/index.html]
[billsakshi.com/wp-json/wp/v2/pages/392.json]
[billsakshi.com/wp-json/oembed/1.0/embede24b.json]
[billsakshi.com/wp-json/oembed/1.0/embed0427]
[billsakshi.com/support-faq/index.html]
[billsakshi.com/wp-content/plugins/kadence-blocks/dist/style-blocks-formd6e2.css]
[billsakshi.com/wp-json/wp/v2/pages/790.json]
[billsakshi.com/wp-json/oembed/1.0/embedde2a.json]
[billsakshi.com/wp-json/oembed/1.0/embed08ef]
[billsakshi.com/wp-content/plugins/kadence-blocks/includes/assets/js/kb-form-block.mind6e2.js]
[billsakshi.com/contact/index.html]
[billsakshi.com/indexd379.html]
[fonts.googleapis.com/css986a.css]
[billsakshi.com/wp-json/wp/v2/categories/1.json]
[billsakshi.com/category/uncategorized/index.html]
[billsakshi.com/wp-content/themes/kadence/assets/css/comments.min9030.css]
[billsakshi.com/wp-content/themes/kadence/assets/css/related-posts.min9030.css]
[billsakshi.com/category/uncategorized/feed/index.html]
[billsakshi.com/wp-content/themes/kadence/assets/css/kadence-splide.min9030.css]
[billsakshi.com/uncategorized/hello-world/feed/index.html]
[billsakshi.com/wp-json/wp/v2/posts/1.json]
[billsakshi.com/wp-json/oembed/1.0/embedfceb.json]
[billsakshi.com/wp-json/oembed/1.0/embedace9]
[billsakshi.com/wp-includes/js/comment-reply.minef10.js]
[billsakshi.com/wp-content/themes/kadence/assets/js/splide-init.min9030.js]
[billsakshi.com/uncategorized/hello-world/index.html]
[billsakshi.com/wp-json/wp/v2/posts/146.json]
[billsakshi.com/wp-json/oembed/1.0/embeddd64.json]
[billsakshi.com/saas/why-startups-fail-11-mistakes-founders-keep-making/feed/index.html]
[billsakshi.com/wp-json/oembed/1.0/embed0212]
[billsakshi.com/wp-content/uploads/2021/04/joshua-coleman-KzPefInJW58-unsplash-1024x682-1.jpg]
[billsakshi.com/wp-content/uploads/2021/04/alex-cKH9F7Wjn9U-unsplash-1024x598-1.jpg]
[billsakshi.com/saas/why-startups-fail-11-mistakes-founders-keep-making/index.html]
[billsakshi.com/wp-json/wp/v2/categories/7.json]
[billsakshi.com/category/saas/index.html]
[billsakshi.com/category/saas/feed/index.html]
[billsakshi.com/wp-json/wp/v2/posts/145.json]
[billsakshi.com/wp-json/oembed/1.0/embedc55e.json]
[billsakshi.com/business/the-8-step-process-we-used-to-start-a-successful-podcast/feed/index.html]
[billsakshi.com/wp-json/oembed/1.0/embed7fe2]
[billsakshi.com/wp-content/uploads/2021/04/davisuko-rhUU1pemhQ0-unsplash-1024x682-1.jpg]
[billsakshi.com/business/the-8-step-process-we-used-to-start-a-successful-podcast/index.html]
[billsakshi.com/wp-json/wp/v2/categories/3.json]
[billsakshi.com/category/business/index.html]
[billsakshi.com/wp-json/wp/v2/posts/144.json]
[billsakshi.com/category/business/feed/index.html]
[billsakshi.com/business/be-remarkable-how-to-make-your-business-stand-out/feed/index.html]
[billsakshi.com/wp-json/oembed/1.0/embed10e8.json]
[billsakshi.com/wp-json/oembed/1.0/embedee21]
[billsakshi.com/wp-content/uploads/2021/04/pexels-ds-stories-5040794-1024x683-1.jpg]
[billsakshi.com/business/be-remarkable-how-to-make-your-business-stand-out/index.html]
[billsakshi.com/wp-json/wp/v2/posts/143.json]
[billsakshi.com/design/what-effect-will-ai-have-on-construction/feed/index.html]
[billsakshi.com/wp-json/oembed/1.0/embed4eab.json]
[billsakshi.com/wp-json/oembed/1.0/embedd8f8]
[billsakshi.com/wp-content/uploads/2021/04/denys-nevozhai-w7YCquMkv2c-unsplash-1024x683-1.jpg]
[billsakshi.com/wp-content/uploads/2021/04/mike-dorner-sf_1ZDA1YFw-unsplash-1024x682-1-768x512.jpg]
[billsakshi.com/design/what-effect-will-ai-have-on-construction/index.html]
[billsakshi.com/wp-json/wp/v2/categories/4.json]
[billsakshi.com/design/5-stages-of-team-development-what-you-need-to-know/index.html]
[billsakshi.com/category/design/index.html]
[billsakshi.com/category/design/feed/index.html]
[billsakshi.com/wp-json/wp/v2/posts/142.json]
[billsakshi.com/business/20-business-blogs-that-will-blow-your-mind/feed/index.html]
[billsakshi.com/wp-json/oembed/1.0/embed3d7c.json]
[billsakshi.com/wp-json/oembed/1.0/embed47f2]
[billsakshi.com/wp-content/uploads/2021/04/jakub-dziubak-XtUd5SiX464-unsplash-1024x684-1.jpg]
[billsakshi.com/business/20-business-blogs-that-will-blow-your-mind/index.html]
[billsakshi.com/wp-json/wp/v2/categories/6.json]
[billsakshi.com/category/marketing/index.html]
[billsakshi.com/category/marketing/feed/index.html]
[billsakshi.com/wp-json/wp/v2/posts/141.json]
[billsakshi.com/wp-json/oembed/1.0/embed28be.json]
[billsakshi.com/design/the-best-saas-tools-to-boost-business-growth/feed/index.html]
[billsakshi.com/wp-json/oembed/1.0/embed8719]
[billsakshi.com/wp-content/uploads/2021/04/willian-justen-de-vasconcellos-CKLF34baCTQ-unsplash-1024x683-1.jpg]
[billsakshi.com/design/the-best-saas-tools-to-boost-business-growth/index.html]
[billsakshi.com/wp-json/wp/v2/posts/140.json]
[billsakshi.com/wp-json/oembed/1.0/embed8704.json]
[billsakshi.com/freelance/want-to-grow-your-business-you-need-a-growth-strategy/feed/index.html]
[billsakshi.com/wp-json/oembed/1.0/embed9dda]
[billsakshi.com/wp-content/uploads/2021/04/kyle-glenn-QM1yQOO4uQQ-unsplash-1024x703-1.jpg]
[billsakshi.com/freelance/want-to-grow-your-business-you-need-a-growth-strategy/index.html]
[billsakshi.com/wp-json/wp/v2/categories/5.json]
[billsakshi.com/category/freelance/index.html]
[billsakshi.com/wp-json/wp/v2/posts/139.json]
[billsakshi.com/category/freelance/feed/index.html]
[billsakshi.com/design/tools-and-tips-to-successfully-organize-your-small-business/feed/index.html]
[billsakshi.com/wp-json/oembed/1.0/embed9363.json]
[billsakshi.com/wp-json/oembed/1.0/embedeae1]
[billsakshi.com/wp-content/uploads/2021/04/david-villasana-1vFLiUsIS6E-unsplash-1024x683-1.jpg]
[billsakshi.com/design/tools-and-tips-to-successfully-organize-your-small-business/index.html]
[billsakshi.com/wp-json/wp/v2/posts/138.json]
[billsakshi.com/marketing/writing-a-business-case-what-it-is-and-how-to-write/feed/index.html]
[billsakshi.com/wp-json/oembed/1.0/embedf6eb.json]
[billsakshi.com/wp-json/oembed/1.0/embede286]
[billsakshi.com/wp-content/uploads/2021/04/tom-barrett-hIzjVUqhiBQ-unsplash-1024x682-1.jpg]
[billsakshi.com/marketing/writing-a-business-case-what-it-is-and-how-to-write/index.html]
[billsakshi.com/blog/page/2/index.html]
[billsakshi.com/indexcc82.html]
[fonts.googleapis.com/css8ed3.css]
[billsakshi.com/indexead8.html]
[billsakshi.com/index895e.html]
[billsakshi.com/indexcff1.html]
[billsakshi.com/xmlrpc.php]
[billsakshi.com/indexf488.html]
[billsakshi.com/indexbe3b.html]
[billsakshi.com/index421d.html]
[billsakshi.com/indexdc22.html]
[billsakshi.com/wp-json/wp/v2/posts/147.json]
[billsakshi.com/wp-json/oembed/1.0/embed9329.json]
[billsakshi.com/design/5-stages-of-team-development-what-you-need-to-know/feed/index.html]
[billsakshi.com/wp-json/oembed/1.0/embed44a7]
[billsakshi.com/wp-content/uploads/2021/04/mike-dorner-sf_1ZDA1YFw-unsplash-1024x682-1.jpg]
[billsakshi.com/design/5-stages-of-team-development-what-you-need-to-know/index.html]
[billsakshi.com/indexee5b.html]
[billsakshi.com/index269b.html]
[billsakshi.com/index248a.html]
[billsakshi.com/indexb4d2.html]
[billsakshi.com/index1a26.html]
[billsakshi.com/index2fa7.html]
[billsakshi.com/wp-json/index.html]
[billsakshi.com/wp-json/wp/v2/pages/1204.json]
[billsakshi.com/wp-includes/css/dist/block-library/style.minef10.css]
[billsakshi.com/wp-content/themes/kadence/assets/css/global.min9030.css]
[billsakshi.com/wp-json/oembed/1.0/embedec3d.json]
[billsakshi.com/wp-content/themes/kadence/assets/css/header.min9030.css]
[billsakshi.com/wp-content/themes/kadence/assets/css/content.min9030.css]
[billsakshi.com/wp-content/themes/kadence/assets/css/footer.min9030.css]
[billsakshi.com/wp-json/wp/v2/pages/536.json]
[billsakshi.com/wp-content/plugins/kadence-blocks/dist/style-blocks-rowlayoutd6e2.css]
[billsakshi.com/wp-json/wp/v2/pages/873.json]
[billsakshi.com/wp-content/plugins/kadence-blocks/dist/style-blocks-columnd6e2.css]
[billsakshi.com/wp-json/wp/v2/pages/392.json]
[billsakshi.com/wp-content/plugins/kadence-blocks/dist/style-blocks-iconlistd6e2.css]
[billsakshi.com/wp-json/oembed/1.0/embede0c9.json]
[billsakshi.com/wp-content/plugins/kadence-blocks/dist/style-blocks-advancedbtnd6e2.css]
[billsakshi.com/wp-json/wp/v2/pages/790.json]
[billsakshi.com/wp-content/plugins/kadence-blocks/dist/style-blocks-infoboxd6e2.css]
[billsakshi.com/wp-json/oembed/1.0/embeddc25.json]
[billsakshi.com/wp-content/plugins/kadence-blocks/dist/style-blocks-icond6e2.css]
[billsakshi.com/category/uncategorized/feed/index.html]
[billsakshi.com/wp-json/oembed/1.0/embede24b.json]
[billsakshi.com/uncategorized/hello-world/feed/index.html]
[billsakshi.com/xmlrpc0db0.php]
[billsakshi.com/wp-json/oembed/1.0/embedcc1e]
[billsakshi.com/wp-json/oembed/1.0/embedde2a.json]
[billsakshi.com/saas/why-startups-fail-11-mistakes-founders-keep-making/feed/index.html]
[billsakshi.com/wp-json/wp/v2/categories/1.json]
[billsakshi.com/wp-json/wp/v2/posts/1.json]
[billsakshi.com/wp-json/oembed/1.0/embedfceb.json]
[billsakshi.com/category/saas/feed/index.html]
[billsakshi.com/wp-json/wp/v2/posts/146.json]
[billsakshi.com/business/the-8-step-process-we-used-to-start-a-successful-podcast/feed/index.html]
[billsakshi.com/wp-json/oembed/1.0/embeddd64.json]
[billsakshi.com/wp-json/wp/v2/categories/7.json]
[billsakshi.com/category/business/feed/index.html]
[billsakshi.com/wp-json/wp/v2/posts/145.json]
[billsakshi.com/wp-json/oembed/1.0/embedc55e.json]
[billsakshi.com/business/be-remarkable-how-to-make-your-business-stand-out/feed/index.html]
[billsakshi.com/wp-json/wp/v2/categories/3.json]
[billsakshi.com/design/what-effect-will-ai-have-on-construction/feed/index.html]
[billsakshi.com/wp-json/wp/v2/posts/144.json]
[billsakshi.com/wp-json/oembed/1.0/embed10e8.json]
[billsakshi.com/category/design/feed/index.html]
[billsakshi.com/wp-json/wp/v2/posts/143.json]
[billsakshi.com/wp-json/oembed/1.0/embed4eab.json]
[billsakshi.com/business/20-business-blogs-that-will-blow-your-mind/feed/index.html]
[billsakshi.com/wp-json/wp/v2/categories/4.json]
[billsakshi.com/pricing/index.html]
[billsakshi.com/category/marketing/feed/index.html]
[billsakshi.com/design/the-best-saas-tools-to-boost-business-growth/feed/index.html]
[billsakshi.com/wp-json/wp/v2/posts/142.json]
[billsakshi.com/wp-json/oembed/1.0/embed3d7c.json]
[billsakshi.com/freelance/want-to-grow-your-business-you-need-a-growth-strategy/feed/index.html]
[billsakshi.com/wp-json/wp/v2/categories/6.json]
[billsakshi.com/wp-json/wp/v2/posts/141.json]
[billsakshi.com/category/freelance/feed/index.html]
[billsakshi.com/wp-json/oembed/1.0/embed28be.json]
[billsakshi.com/wp-json/wp/v2/posts/140.json]
[billsakshi.com/design/tools-and-tips-to-successfully-organize-your-small-business/feed/index.html]
[billsakshi.com/wp-json/oembed/1.0/embed8704.json]
[billsakshi.com/wp-json/wp/v2/categories/5.json]
[billsakshi.com/wp-content/plugins/kadence-blocks/includes/assets/css/kadence-splide.mind6e2.css]
[billsakshi.com/wp-content/plugins/kadence-blocks/includes/assets/css/kb-blocks-splide.mind6e2.css]
[billsakshi.com/marketing/writing-a-business-case-what-it-is-and-how-to-write/feed/index.html]
[billsakshi.com/wp-json/wp/v2/posts/139.json]
[billsakshi.com/wp-json/oembed/1.0/embed9363.json]
[billsakshi.com/wp-content/plugins/kadence-blocks/dist/style-blocks-spacerd6e2.css]
[billsakshi.com/design/5-stages-of-team-development-what-you-need-to-know/feed/index.html]
[billsakshi.com/wp-content/plugins/kadence-blocks/dist/style-blocks-advancedgalleryd6e2.css]
[billsakshi.com/indexd379.html]
[billsakshi.com/wp-json/oembed/1.0/embedc240]
[billsakshi.com/wp-json/wp/v2/posts/138.json]
[billsakshi.com/wp-json/oembed/1.0/embedf6eb.json]
[billsakshi.com/wp-json/wp/v2/posts/147.json]
[billsakshi.com/wp-json/oembed/1.0/embed9329.json]
[billsakshi.com/marketing/writing-a-business-case-what-it-is-and-how-to-write/index.html]
[billsakshi.com/wp-content/plugins/kadence-blocks/dist/style-blocks-testimonialsd6e2.css]
[billsakshi.com/indexcc82.html]
[billsakshi.com/wp-json/oembed/1.0/embed2f7e]
[billsakshi.com/indexead8.html]
[billsakshi.com/wp-json/oembed/1.0/embed0427]
[billsakshi.com/wp-content/plugins/kadence-blocks/dist/style-blocks-formd6e2.css]
[billsakshi.com/index895e.html]
[billsakshi.com/wp-json/oembed/1.0/embed08ef]
[billsakshi.com/wp-content/themes/kadence/assets/css/comments.min9030.css]
[billsakshi.com/wp-content/themes/kadence/assets/css/related-posts.min9030.css]
[billsakshi.com/wp-content/themes/kadence/assets/css/kadence-splide.min9030.css]
[billsakshi.com/indexcff1.html]
[billsakshi.com/wp-json/oembed/1.0/embedace9]
[billsakshi.com/indexf488.html]
[billsakshi.com/wp-json/oembed/1.0/embed0212]
[billsakshi.com/indexbe3b.html]
[billsakshi.com/wp-json/oembed/1.0/embed7fe2]
[billsakshi.com/index421d.html]
[billsakshi.com/wp-json/oembed/1.0/embedee21]
[billsakshi.com/indexdc22.html]
[billsakshi.com/wp-json/oembed/1.0/embedd8f8]
[billsakshi.com/indexee5b.html]
[billsakshi.com/wp-json/oembed/1.0/embed47f2]
[billsakshi.com/index269b.html]
[billsakshi.com/wp-json/oembed/1.0/embed8719]
[billsakshi.com/index248a.html]
[billsakshi.com/wp-json/oembed/1.0/embed9dda]
[billsakshi.com/indexb4d2.html]
[billsakshi.com/wp-json/oembed/1.0/embedeae1]
[billsakshi.com/index1a26.html]
[billsakshi.com/wp-json/oembed/1.0/embede286]
[billsakshi.com/index2fa7.html]
[billsakshi.com/wp-json/oembed/1.0/embed44a7]
